exports[`test renders correctly 1`] = `
<div
  className="commentBox">
  <div
    className="commentList" />
  <form
    className="commentForm"
    onSubmit={[Function bound handleSubmit]}>
    <input
      onChange={[Function bound handleAuthorChange]}
      placeholder="your name"
      type="text"
      value="" />
    <input
      onChange={[Function bound handleTextChange]}
      placeholder="your content"
      type="text"
      valur="" />
    <input
      type="submit"
      value="Post Your Comment" />
  </form>
</div>
`;
